D:\Desktop\rt-thread\bsp\stm32\libraries\HAL_Drivers\drv_spi.c:83:17:stm32_spi_init	24	static
D:\Desktop\rt-thread\bsp\stm32\libraries\HAL_Drivers\drv_spi.c:283:19:spixfer	72	static
D:\Desktop\rt-thread\bsp\stm32\libraries\HAL_Drivers\drv_spi.c:498:17:spi_configure	24	static
D:\Desktop\rt-thread\bsp\stm32\libraries\HAL_Drivers\drv_spi.c:516:12:rt_hw_spi_bus_init	24	static
D:\Desktop\rt-thread\bsp\stm32\libraries\HAL_Drivers\drv_spi.c:629:10:rt_hw_spi_device_attach	40	static
D:\Desktop\rt-thread\bsp\stm32\libraries\HAL_Drivers\drv_spi.c:704:6:SPI2_IRQHandler	8	static
D:\Desktop\rt-thread\bsp\stm32\libraries\HAL_Drivers\drv_spi.c:722:6:DMA1_Channel4_IRQHandler	8	static
D:\Desktop\rt-thread\bsp\stm32\libraries\HAL_Drivers\drv_spi.c:740:6:DMA1_Channel5_IRQHandler	8	static
D:\Desktop\rt-thread\bsp\stm32\libraries\HAL_Drivers\drv_spi.c:935:13:stm32_get_dma_info	4	static
D:\Desktop\rt-thread\bsp\stm32\libraries\HAL_Drivers\drv_spi.c:1004:6:HAL_SPI_TxRxCpltCallback	24	static
D:\Desktop\rt-thread\bsp\stm32\libraries\HAL_Drivers\drv_spi.c:1010:6:HAL_SPI_TxCpltCallback	24	static
D:\Desktop\rt-thread\bsp\stm32\libraries\HAL_Drivers\drv_spi.c:1016:6:HAL_SPI_RxCpltCallback	24	static
D:\Desktop\rt-thread\bsp\stm32\libraries\HAL_Drivers\drv_spi.c:1046:5:rt_hw_spi_init	8	static
