D:\Desktop\rt-thread\bsp\stm32\libraries\HAL_Drivers\drv_gpio.c:165:18:stm32_pin_get	40	static
D:\Desktop\rt-thread\bsp\stm32\libraries\HAL_Drivers\drv_gpio.c:202:13:stm32_pin_write	32	static
D:\Desktop\rt-thread\bsp\stm32\libraries\HAL_Drivers\drv_gpio.c:216:18:stm32_pin_read	32	static
D:\Desktop\rt-thread\bsp\stm32\libraries\HAL_Drivers\drv_gpio.c:232:13:stm32_pin_mode	48	static
D:\Desktop\rt-thread\bsp\stm32\libraries\HAL_Drivers\drv_gpio.c:281:22:bit2bitno	24	static
D:\Desktop\rt-thread\bsp\stm32\libraries\HAL_Drivers\drv_gpio.c:294:37:get_pin_irq_map	24	static
D:\Desktop\rt-thread\bsp\stm32\libraries\HAL_Drivers\drv_gpio.c:304:17:stm32_pin_attach_irq	32	static
D:\Desktop\rt-thread\bsp\stm32\libraries\HAL_Drivers\drv_gpio.c:344:17:stm32_pin_dettach_irq	24	static
D:\Desktop\rt-thread\bsp\stm32\libraries\HAL_Drivers\drv_gpio.c:375:17:stm32_pin_irq_enable	56	static
D:\Desktop\rt-thread\bsp\stm32\libraries\HAL_Drivers\drv_gpio.c:512:16:pin_irq_hdr	16	static
D:\Desktop\rt-thread\bsp\stm32\libraries\HAL_Drivers\drv_gpio.c:531:6:HAL_GPIO_EXTI_Callback	16	static
D:\Desktop\rt-thread\bsp\stm32\libraries\HAL_Drivers\drv_gpio.c:686:6:EXTI0_IRQHandler	8	static
D:\Desktop\rt-thread\bsp\stm32\libraries\HAL_Drivers\drv_gpio.c:693:6:EXTI1_IRQHandler	8	static
D:\Desktop\rt-thread\bsp\stm32\libraries\HAL_Drivers\drv_gpio.c:700:6:EXTI2_IRQHandler	8	static
D:\Desktop\rt-thread\bsp\stm32\libraries\HAL_Drivers\drv_gpio.c:707:6:EXTI3_IRQHandler	8	static
D:\Desktop\rt-thread\bsp\stm32\libraries\HAL_Drivers\drv_gpio.c:714:6:EXTI4_IRQHandler	8	static
D:\Desktop\rt-thread\bsp\stm32\libraries\HAL_Drivers\drv_gpio.c:721:6:EXTI9_5_IRQHandler	8	static
D:\Desktop\rt-thread\bsp\stm32\libraries\HAL_Drivers\drv_gpio.c:732:6:EXTI15_10_IRQHandler	8	static
D:\Desktop\rt-thread\bsp\stm32\libraries\HAL_Drivers\drv_gpio.c:745:5:rt_hw_pin_init	40	static
