D:\Desktop\rt-thread\bsp\stm32\libraries\HAL_Drivers\CMSIS\Include/core_cm4.h:1816:22:__NVIC_SetPriority	16	static
D:\Desktop\rt-thread\bsp\stm32\libraries\HAL_Drivers\drv_common.c:28:13:reboot	16	static
D:\Desktop\rt-thread\bsp\stm32\libraries\HAL_Drivers\drv_common.c:39:6:rt_hw_systick_init	8	static
D:\Desktop\rt-thread\bsp\stm32\libraries\HAL_Drivers\drv_common.c:54:6:SysTick_Handler	8	static
D:\Desktop\rt-thread\bsp\stm32\libraries\HAL_Drivers\drv_common.c:68:10:HAL_GetTick	8	static
D:\Desktop\rt-thread\bsp\stm32\libraries\HAL_Drivers\drv_common.c:76:6:HAL_IncTick	4	static
D:\Desktop\rt-thread\bsp\stm32\libraries\HAL_Drivers\drv_common.c:81:6:HAL_SuspendTick	4	static
D:\Desktop\rt-thread\bsp\stm32\libraries\HAL_Drivers\drv_common.c:85:6:HAL_ResumeTick	4	static
D:\Desktop\rt-thread\bsp\stm32\libraries\HAL_Drivers\drv_common.c:89:6:HAL_Delay	24	static
D:\Desktop\rt-thread\bsp\stm32\libraries\HAL_Drivers\drv_common.c:105:19:HAL_InitTick	16	static
D:\Desktop\rt-thread\bsp\stm32\libraries\HAL_Drivers\drv_common.c:118:6:_Error_Handler	16	static
D:\Desktop\rt-thread\bsp\stm32\libraries\HAL_Drivers\drv_common.c:134:6:rt_hw_us_delay	56	static
D:\Desktop\rt-thread\bsp\stm32\libraries\HAL_Drivers\drv_common.c:167:14:rt_hw_board_init	8	static
