D:\Desktop\rt-thread\bsp\stm32\libraries\HAL_Drivers\CMSIS\Include/core_cm4.h:1724:22:__NVIC_DisableIRQ	16	static
D:\Desktop\rt-thread\bsp\stm32\libraries\HAL_Drivers\drv_usart.c:101:13:stm32_uart_get_mask	24	static
D:\Desktop\rt-thread\bsp\stm32\libraries\HAL_Drivers\drv_usart.c:148:17:stm32_configure	24	static
D:\Desktop\rt-thread\bsp\stm32\libraries\HAL_Drivers\drv_usart.c:237:17:stm32_control	32	static
D:\Desktop\rt-thread\bsp\stm32\libraries\HAL_Drivers\drv_usart.c:310:12:stm32_putc	24	static
D:\Desktop\rt-thread\bsp\stm32\libraries\HAL_Drivers\drv_usart.c:329:12:stm32_getc	24	static
D:\Desktop\rt-thread\bsp\stm32\libraries\HAL_Drivers\drv_usart.c:351:19:stm32_dma_transmit	32	static
D:\Desktop\rt-thread\bsp\stm32\libraries\HAL_Drivers\drv_usart.c:378:13:dma_recv_isr	32	static
D:\Desktop\rt-thread\bsp\stm32\libraries\HAL_Drivers\drv_usart.c:429:13:uart_isr	24	static
D:\Desktop\rt-thread\bsp\stm32\libraries\HAL_Drivers\drv_usart.c:509:6:USART1_IRQHandler	8	static
D:\Desktop\rt-thread\bsp\stm32\libraries\HAL_Drivers\drv_usart.c:546:6:USART2_IRQHandler	8	static
D:\Desktop\rt-thread\bsp\stm32\libraries\HAL_Drivers\drv_usart.c:557:6:DMA1_Channel6_IRQHandler	8	static
D:\Desktop\rt-thread\bsp\stm32\libraries\HAL_Drivers\drv_usart.c:569:6:DMA1_Channel7_IRQHandler	8	static
D:\Desktop\rt-thread\bsp\stm32\libraries\HAL_Drivers\drv_usart.c:830:13:stm32_uart_get_dma_config	4	static
D:\Desktop\rt-thread\bsp\stm32\libraries\HAL_Drivers\drv_usart.c:946:13:stm32_dma_config	40	static
D:\Desktop\rt-thread\bsp\stm32\libraries\HAL_Drivers\drv_usart.c:1078:6:HAL_UART_ErrorCallback	24	static
D:\Desktop\rt-thread\bsp\stm32\libraries\HAL_Drivers\drv_usart.c:1093:6:HAL_UART_RxCpltCallback	24	static
D:\Desktop\rt-thread\bsp\stm32\libraries\HAL_Drivers\drv_usart.c:1108:6:HAL_UART_RxHalfCpltCallback	24	static
D:\Desktop\rt-thread\bsp\stm32\libraries\HAL_Drivers\drv_usart.c:1116:13:_dma_tx_complete	32	static
D:\Desktop\rt-thread\bsp\stm32\libraries\HAL_Drivers\drv_usart.c:1142:6:HAL_UART_TxCpltCallback	24	static
D:\Desktop\rt-thread\bsp\stm32\libraries\HAL_Drivers\drv_usart.c:1160:5:rt_hw_usart_init	32	static
